[216296.222379] ProCamp Timer Module inserted
[216296.222543] 
[216296.222543] 
[216296.222543] 
[216296.222543] KMALLOC STATS:
[216296.222560]                 ALLOC [ns]                       FREE[ns]
[216296.222560] pow  min        avg        max        min        avg        max
[216296.223030]   0  000000576  000002134  000015312  000000496  000001577  000010688
[216296.223758]   1  000000608  000000732  000001760  000000496  000000536  000000816
[216296.223995]   2  000000592  000000640  000000960  000000496  000000518  000000656
[216296.224269]   3  000000576  000000622  000000784  000000496  000000515  000000576
[216296.224504]   4  000000416  000000465  000000800  000000336  000000368  000000480
[216296.224705]   5  000000416  000000441  000000608  000000336  000000355  000000416
[216296.224909]   6  000000416  000000436  000000560  000000336  000000369  000000416
[216296.225116]   7  000000416  000000518  000001344  000000336  000000409  000000944
[216296.225305]   8  000000464  000000540  000001152  000000432  000000480  000000896
[216296.225513]   9  000000384  000000476  000001040  000000320  000000353  000000480
[216296.225705]  10  000000400  000000462  000000976  000000320  000000380  000000800
[216296.225902]  11  000000448  000000534  000001072  000000416  000000448  000000688
[216296.226093]  12  000000384  000000476  000001056  000000336  000000404  000000976
[216296.226293]  13  000000384  000000456  000000976  000000320  000000368  000000624
[216296.226541]  14  000001136  000002372  000012256  000000864  000001452  000006064
[216296.226773]  15  000001280  000001924  000007312  000000928  000001099  000002256
[216296.226989]  16  000001392  000001683  000002688  000001040  000001228  000002352
[216296.227393]  17  000001536  000002756  000006432  000001216  000013844  000124016
[216296.227659]  18  000002016  000002310  000003776  000001648  000003963  000022960
[216296.227905]  19  000002880  000003118  000004016  000002432  000002640  000003488
[216296.228173]  20  000004432  000004636  000006016  000003872  000003977  000004624
[216296.228517]  21  000008032  000008385  000010096  000007184  000007353  000007872
[216296.229004]  22  000014464  000017017  000034048  000013184  000013640  000014496
[216296.229687]  23  000026048  000026612  000031312  000023760  000023896  000024400
[216296.229874] 
[216296.229874] kmalloc() allocation error
[216296.230015] 
[216296.230015] 
[216296.230015] 
[216296.230015] KZALLOC STATS:
[216296.230024]                 ALLOC [ns]                       FREE[ns]
[216296.230024] pow  min        avg        max        min        avg        max
[216296.230477]   0  000000464  000001532  000010256  000000544  000001513  000009536
[216296.231015]   1  000000480  000000566  000001184  000000576  000000640  000001040
[216296.231210]   2  000000496  000000560  000000928  000000592  000000635  000000800
[216296.231406]   3  000000496  000000540  000000736  000000608  000000636  000000784
[216296.231600]   4  000000480  000000520  000000704  000000560  000000593  000000672
[216296.231793]   5  000000480  000000513  000000704  000000576  000000612  000000784
[216296.231997]   6  000000464  000000494  000000672  000000544  000000580  000000672
[216296.232181]   7  000000496  000000620  000001568  000000576  000000659  000001152
[216296.232379]   8  000000608  000000731  000001520  000000784  000000884  000001248
[216296.232571]   9  000000608  000000697  000001200  000000704  000000782  000000976
[216296.232775]  10  000000800  000000894  000001584  000000880  000000956  000001456
[216296.232980]  11  000001184  000001289  000001856  000001296  000001363  000001600
[216296.233196]  12  000001824  000001939  000002560  000001920  000002009  000002544
[216296.233440]  13  000003072  000003190  000004016  000003168  000003233  000003552
[216296.233767]  14  000007296  000008009  000013136  000006464  000006684  000008032
[216296.234217]  15  000013088  000013718  000017792  000011840  000012091  000013152
[216296.234887]  16  000024672  000025534  000031408  000022352  000022616  000023536
[216296.236123]  17  000049152  000055100  000068816  000044192  000046398  000055440
[216296.239514]  18  000103232  000138846  000258832  000089200  000170067  000677968
[216296.244173]  19  000203792  000229628  000360080  000184240  000200136  000302368
[216296.253132]  20  000387056  000482684  001126416  000345904  000392334  000551648
[216296.272725]  21  000866560  000969753  001312464  000786368  000963486  001502576
[216296.317517]  22  001747776  002594779  007757152  001574176  001864161  003350896
[216296.394716]  23  003500928  004056510  006232896  003138464  003638265  004778528
[216296.394893] 
[216296.394893] kzalloc() allocation error
[216296.394985] 
[216296.394985] 
[216296.394985] 
[216296.394985] VMALLOC STATS:
[216296.394996]                 ALLOC [ns]                       FREE[ns]
[216296.394996] pow  min        avg        max        min        avg        max
[216296.396098]   0  000002800  000021153  000156992  000002256  000004830  000024640
[216296.396591]   1  000002992  000003980  000009584  000002352  000002812  000005888
[216296.396806]   2  000002928  000003273  000004992  000002400  000002590  000003728
[216296.397011]   3  000002992  000003324  000004816  000002432  000002699  000003824
[216296.397597]   4  000002928  000031696  000196400  000002432  000005305  000017936
[216296.397827]   5  000002880  000003337  000005872  000002336  000002553  000003680
[216296.398078]   6  000002896  000003200  000004800  000002384  000002571  000003488
[216296.398302]   7  000002960  000003481  000004768  000002400  000002756  000003440
[216296.398514]   8  000002928  000003528  000006144  000002352  000002734  000004592
[216296.398776]   9  000003040  000003955  000005168  000002640  000003126  000004064
[216296.399021]  10  000002864  000003524  000006384  000002304  000002608  000003984
[216296.399247]  11  000002864  000003172  000004672  000002336  000002552  000003568
[216296.399479]  12  000002832  000003156  000004784  000002336  000002553  000003584
[216296.399737]  13  000003472  000004030  000005280  000002960  000003284  000004192
[216296.400027]  14  000004512  000004948  000007200  000003840  000004073  000005296
[216296.400336]  15  000006368  000006683  000008352  000005552  000005768  000006608
[216296.400729]  16  000009904  000010457  000012688  000008928  000009248  000010624
[216296.401273]  17  000019904  000020508  000022640  000015824  000016161  000017440
[216296.402064]  18  000032432  000033598  000037136  000029984  000030588  000031616
[216296.403461]  19  000061872  000064019  000073248  000057760  000058417  000059408
[216296.406285]  20  000128272  000131720  000138960  000131152  000133787  000146784
[216296.494115]  21  000268864  000319638  000508416  000291360  008441409  081412448
[216296.511111]  22  000542128  000609878  000970144  000603024  001071104  004859872
[216296.562412]  23  001094112  001211804  001807136  001227376  003897833  010078384
[216296.652680]  24  002211680  002473451  003345792  002523232  006534723  011215680
[216296.829853]  25  004445120  004644028  004842624  012510112  013053790  014781744
[216297.146408]  26  009021056  009218851  010053696  021976432  022418070  025255424
[216297.754204]  27  018076992  018640920  020546752  040694320  042118720  048914576
[216298.916840]  28  036747344  037585883  041447536  078046448  078658180  079547968
[216298.917002] insmod: vmalloc: allocation failure: 536870912 bytes, mode:0x6000c0(GFP_KERNEL), nodemask=(null)
[216298.917223] CPU: 0 PID: 354 Comm: insmod Tainted: G        W  O      4.19.177 #1
[216298.917387] Hardware name: Generic DT based system
[216298.917532] [<c0311bec>] (unwind_backtrace) from [<c030c86c>] (show_stack+0x10/0x14)
[216298.917747] [<c030c86c>] (show_stack) from [<c0e8df98>] (dump_stack+0xc0/0xd4)
[216298.917943] [<c0e8df98>] (dump_stack) from [<c04299a8>] (warn_alloc+0xbc/0x160)
[216298.918137] [<c04299a8>] (warn_alloc) from [<c0461570>] (__vmalloc_node_range+0x190/0x250)
[216298.918362] [<c0461570>] (__vmalloc_node_range) from [<c0461990>] (__vmalloc_node.constprop.13+0x48/0x50)
[216298.918602] [<c0461990>] (__vmalloc_node.constprop.13) from [<c0461a2c>] (vmalloc+0x2c/0x34)
[216298.918831] [<c0461a2c>] (vmalloc) from [<bf00d3dc>] (mem_module_init+0x3dc/0x1000 [mem_module])
[216298.919058] [<bf00d3dc>] (mem_module_init [mem_module]) from [<c0302d4c>] (do_one_initcall+0x54/0x208)
[216298.919294] [<c0302d4c>] (do_one_initcall) from [<c03d0b30>] (do_init_module+0x64/0x224)
[216298.919513] [<c03d0b30>] (do_init_module) from [<c03d2ebc>] (load_module+0x2164/0x2450)
[216298.919704] [<c03d2ebc>] (load_module) from [<c03d3300>] (sys_init_module+0x158/0x18c)
[216298.919896] [<c03d3300>] (sys_init_module) from [<c0301000>] (ret_fast_syscall+0x0/0x54)
[216298.920094] Exception stack(0xdb69bfa8 to 0xdb69bff0)
[216298.920294] bfa0:                   b6f0f38c b6f2e950 0011d1d8 00001c34 0010ad3d 00000000
[216298.920576] bfc0: b6f0f38c b6f2e950 00001c34 00000080 00000001 be897e8c 0010ad3d 000f629b
[216298.920827] bfe0: be897b48 be897b38 0003ba90 b6de81b0
[216298.921082] Mem-Info:
[216298.921187] active_anon:86 inactive_anon:0 isolated_anon:0
[216298.921187]  active_file:485 inactive_file:109 isolated_file:0
[216298.921187]  unevictable:0 dirty:0 writeback:0 unstable:0
[216298.921187]  slab_reclaimable:1403 slab_unreclaimable:1204
[216298.921187]  mapped:445 shmem:0 pagetables:26 bounce:0
[216298.921187]  free:120581 free_pcp:165 free_cma:16320
[216298.921947] Node 0 active_anon:344kB inactive_anon:0kB active_file:1940kB inactive_file:436kB unevictable:0kB isolated(anon):0kB isolated(file):0kB mapped:1780kB dirty:0kB writeback:0kB shmem:0kB writeback_tmp:0kB unstable:0kB all_unreclaimable? no
[216298.922479] DMA free:482324kB min:2820kB low:3524kB high:4228kB active_anon:344kB inactive_anon:0kB active_file:1940kB inactive_file:436kB unevictable:0kB writepending:0kB present:524288kB managed:500064kB mlocked:0kB kernel_stack:296kB pagetables:104kB bounce:0kB free_pcp:660kB local_pcp:660kB free_cma:65280kB
[216298.923061] lowmem_reserve[]: 0 0 0 0
[216298.923170] DMA: 60*4kB (UME) 61*8kB (UM) 43*16kB (UME) 37*32kB (UM) 24*64kB (UM) 24*128kB (UM) 20*256kB (UC) 16*512kB (UEC) 15*1024kB (UMC) 14*2048kB (UMEC) 10*4096kB (UMC) 46*8192kB (UMC) = 482344kB
[216298.923615] 596 total pagecache pages
[216298.923712] 0 pages in swap cache
[216298.923800] Swap cache stats: add 0, delete 0, find 0/0
[216298.923921] Free swap  = 0kB
[216298.924000] Total swap = 0kB
[216298.924078] 131072 pages RAM
[216298.924151] 0 pages HighMem/MovableOnly
[216298.924247] 6056 pages reserved
[216298.924327] 16384 pages cma reserved
[216298.924430] 
[216298.924430] vmalloc() allocation error
/tmp # rmmod mem_module
[216486.316689] ProCamp Memory Module removed
